2026-06-11 04:01:09,589 [INFO] main: ▶ main.py started
2026-06-11 04:01:12,213 [INFO] strategy: ============================================================
2026-06-11 04:01:12,213 [INFO] strategy: Run at 2026-06-11 09:31:12 IST
2026-06-11 04:01:12,234 [INFO] strategy: New trading day: 2026-06-11
2026-06-11 04:01:12,615 [INFO] fyers_data: Fyers authenticated: SOURAVA KUMAR SETHY
2026-06-11 04:01:12,888 [INFO] fyers_data: Spot: 23106.55
2026-06-11 04:01:13,200 [INFO] fyers_data: 9:15 candle close: 23112.65
2026-06-11 04:01:13,200 [INFO] strategy: ATM fixed at 23100
2026-06-11 04:01:13,724 [INFO] fyers_data: Straddle 22700: 4 bars
2026-06-11 04:01:14,358 [INFO] fyers_data: Straddle 22800: 4 bars
2026-06-11 04:01:14,866 [INFO] fyers_data: Straddle 22900: 4 bars
2026-06-11 04:01:15,379 [INFO] fyers_data: Straddle 23000: 4 bars
2026-06-11 04:01:15,907 [INFO] fyers_data: Straddle 23100: 4 bars
2026-06-11 04:01:16,518 [INFO] fyers_data: Straddle 23200: 4 bars
2026-06-11 04:01:17,028 [INFO] fyers_data: Straddle 23300: 4 bars
2026-06-11 04:01:17,631 [INFO] fyers_data: Straddle 23400: 4 bars
2026-06-11 04:01:18,156 [INFO] fyers_data: Straddle 23500: 4 bars
2026-06-11 04:01:18,156 [INFO] view_engine: View check | ATM below_vwap=True | upper_below=1 upper_above=3 | lower_above=0 lower_below=4 | score=-6.5 label=bearish
2026-06-11 04:01:18,156 [INFO] view_engine: Label pending (1/2): current=None pending=bearish
2026-06-11 04:01:18,156 [INFO] dashboard_gen: Dashboard written -> docs/index.html (14995 bytes)
2026-06-11 04:01:18,157 [INFO] strategy: Run complete.
2026-06-11 04:01:18,157 [INFO] main: ✓ main.py finished
2026-06-11 04:05:32,582 [INFO] main: ▶ main.py started
2026-06-11 04:05:34,232 [INFO] strategy: ============================================================
2026-06-11 04:05:34,232 [INFO] strategy: Run at 2026-06-11 09:35:34 IST
2026-06-11 04:05:34,529 [INFO] fyers_data: Fyers authenticated: SOURAVA KUMAR SETHY
2026-06-11 04:05:34,749 [INFO] fyers_data: Spot: 23099.6
2026-06-11 04:05:35,186 [INFO] fyers_data: Straddle 22700: 5 bars
2026-06-11 04:05:35,622 [INFO] fyers_data: Straddle 22800: 5 bars
2026-06-11 04:05:36,059 [INFO] fyers_data: Straddle 22900: 5 bars
2026-06-11 04:05:36,512 [INFO] fyers_data: Straddle 23000: 5 bars
2026-06-11 04:05:36,950 [INFO] fyers_data: Straddle 23100: 5 bars
2026-06-11 04:05:37,394 [INFO] fyers_data: Straddle 23200: 5 bars
2026-06-11 04:05:38,060 [INFO] fyers_data: Straddle 23300: 5 bars
2026-06-11 04:05:38,518 [INFO] fyers_data: Straddle 23400: 5 bars
2026-06-11 04:05:38,950 [INFO] fyers_data: Straddle 23500: 5 bars
2026-06-11 04:05:38,950 [INFO] view_engine: View check | ATM below_vwap=True | upper_below=0 upper_above=4 | lower_above=0 lower_below=4 | score=-10.5 label=very_bearish
2026-06-11 04:05:38,950 [INFO] view_engine: Label pending (1/2): current=None pending=very_bearish
2026-06-11 04:05:39,509 [INFO] dashboard_gen: Dashboard written -> docs/index.html (15775 bytes)
2026-06-11 04:05:39,509 [INFO] strategy: Run complete.
2026-06-11 04:05:39,510 [INFO] main: ✓ main.py finished
