2026-06-04 04:00:58,089 [INFO] main: ▶ main.py started
2026-06-04 04:00:58,767 [INFO] strategy: ============================================================
2026-06-04 04:00:58,767 [INFO] strategy: Run at 2026-06-04 09:30:58 IST
2026-06-04 04:00:58,780 [INFO] strategy: New trading day: 2026-06-04
2026-06-04 04:00:59,173 [INFO] fyers_data: Fyers authenticated: SOURAVA KUMAR SETHY
2026-06-04 04:00:59,440 [INFO] fyers_data: Spot: 23329.15
2026-06-04 04:00:59,775 [INFO] fyers_data: 9:15 candle close: 23345.9
2026-06-04 04:00:59,775 [INFO] strategy: ATM fixed at 23300
2026-06-04 04:01:00,252 [INFO] fyers_data: Straddle 22900: 4 bars
2026-06-04 04:01:00,735 [INFO] fyers_data: Straddle 23000: 4 bars
2026-06-04 04:01:01,217 [INFO] fyers_data: Straddle 23100: 4 bars
2026-06-04 04:01:01,707 [INFO] fyers_data: Straddle 23200: 4 bars
2026-06-04 04:01:02,176 [INFO] fyers_data: Straddle 23300: 4 bars
2026-06-04 04:01:02,685 [INFO] fyers_data: Straddle 23400: 4 bars
2026-06-04 04:01:03,164 [INFO] fyers_data: Straddle 23500: 4 bars
2026-06-04 04:01:03,632 [INFO] fyers_data: Straddle 23600: 4 bars
2026-06-04 04:01:04,111 [INFO] fyers_data: Straddle 23700: 4 bars
2026-06-04 04:01:04,111 [INFO] view_engine: View check | ATM below_vwap=False | upper_below=4 upper_above=0 | lower_above=3 lower_below=1 | score=+8.5 label=very_bullish
2026-06-04 04:01:04,111 [INFO] view_engine: Label pending (1/2): current=None pending=very_bullish
2026-06-04 04:01:04,112 [INFO] dashboard_gen: Dashboard written -> docs/index.html (15039 bytes)
2026-06-04 04:01:04,112 [INFO] strategy: Run complete.
2026-06-04 04:01:04,112 [INFO] main: ✓ main.py finished
2026-06-04 04:05:31,285 [INFO] main: ▶ main.py started
2026-06-04 04:05:31,586 [INFO] strategy: ============================================================
2026-06-04 04:05:31,586 [INFO] strategy: Run at 2026-06-04 09:35:31 IST
2026-06-04 04:05:31,939 [INFO] fyers_data: Fyers authenticated: SOURAVA KUMAR SETHY
2026-06-04 04:05:32,159 [INFO] fyers_data: Spot: 23327.55
2026-06-04 04:05:32,598 [INFO] fyers_data: Straddle 22900: 5 bars
2026-06-04 04:05:33,053 [INFO] fyers_data: Straddle 23000: 5 bars
2026-06-04 04:05:33,513 [INFO] fyers_data: Straddle 23100: 5 bars
2026-06-04 04:05:33,945 [INFO] fyers_data: Straddle 23200: 5 bars
2026-06-04 04:05:34,443 [INFO] fyers_data: Straddle 23300: 5 bars
2026-06-04 04:05:34,881 [INFO] fyers_data: Straddle 23400: 5 bars
2026-06-04 04:05:35,322 [INFO] fyers_data: Straddle 23500: 5 bars
2026-06-04 04:05:35,778 [INFO] fyers_data: Straddle 23600: 5 bars
2026-06-04 04:05:36,232 [INFO] fyers_data: Straddle 23700: 5 bars
2026-06-04 04:05:36,232 [INFO] view_engine: View check | ATM below_vwap=True | upper_below=4 upper_above=0 | lower_above=1 lower_below=3 | score=+4.5 label=bullish
2026-06-04 04:05:36,233 [INFO] view_engine: Label pending (1/2): current=None pending=bullish
2026-06-04 04:05:36,722 [INFO] dashboard_gen: Dashboard written -> docs/index.html (15798 bytes)
2026-06-04 04:05:36,722 [INFO] strategy: Run complete.
2026-06-04 04:05:36,722 [INFO] main: ✓ main.py finished
2026-06-04 04:10:40,070 [INFO] main: ▶ main.py started
2026-06-04 04:10:40,392 [INFO] strategy: ============================================================
2026-06-04 04:10:40,392 [INFO] strategy: Run at 2026-06-04 09:40:40 IST
2026-06-04 04:10:40,859 [INFO] fyers_data: Fyers authenticated: SOURAVA KUMAR SETHY
2026-06-04 04:10:41,173 [INFO] fyers_data: Spot: 23321.25
2026-06-04 04:10:41,826 [INFO] fyers_data: Straddle 22900: 6 bars
2026-06-04 04:10:42,395 [INFO] fyers_data: Straddle 23000: 6 bars
2026-06-04 04:10:43,522 [INFO] fyers_data: Straddle 23100: 6 bars
2026-06-04 04:10:44,040 [INFO] fyers_data: Straddle 23200: 6 bars
2026-06-04 04:10:44,673 [INFO] fyers_data: Straddle 23300: 6 bars
2026-06-04 04:10:45,262 [INFO] fyers_data: Straddle 23400: 6 bars
2026-06-04 04:10:45,783 [INFO] fyers_data: Straddle 23500: 6 bars
2026-06-04 04:10:46,303 [INFO] fyers_data: Straddle 23600: 6 bars
2026-06-04 04:10:46,823 [INFO] fyers_data: Straddle 23700: 6 bars
2026-06-04 04:10:46,823 [INFO] view_engine: View check | ATM below_vwap=True | upper_below=2 upper_above=2 | lower_above=0 lower_below=4 | score=-3.5 label=bearish
2026-06-04 04:10:46,823 [INFO] view_engine: Label pending (1/2): current=None pending=bearish
2026-06-04 04:10:47,444 [INFO] dashboard_gen: Dashboard written -> docs/index.html (16561 bytes)
2026-06-04 04:10:47,444 [INFO] strategy: Run complete.
2026-06-04 04:10:47,444 [INFO] main: ✓ main.py finished
