2026-06-01 04:00:55,495 [INFO] main: ▶ main.py started
2026-06-01 04:00:56,182 [INFO] strategy: ============================================================
2026-06-01 04:00:56,182 [INFO] strategy: Run at 2026-06-01 09:30:56 IST
2026-06-01 04:00:56,194 [INFO] strategy: New trading day: 2026-06-01
2026-06-01 04:00:56,496 [INFO] fyers_data: Fyers authenticated: SOURAVA KUMAR SETHY
2026-06-01 04:00:56,718 [INFO] fyers_data: Spot: 23605.05
2026-06-01 04:00:56,950 [INFO] fyers_data: 9:15 candle close: 23633.0
2026-06-01 04:00:56,950 [INFO] strategy: ATM fixed at 23600
2026-06-01 04:00:57,431 [INFO] fyers_data: Straddle 23200: 4 bars
2026-06-01 04:00:57,878 [INFO] fyers_data: Straddle 23300: 4 bars
2026-06-01 04:00:58,322 [INFO] fyers_data: Straddle 23400: 4 bars
2026-06-01 04:00:58,785 [INFO] fyers_data: Straddle 23500: 4 bars
2026-06-01 04:00:59,231 [INFO] fyers_data: Straddle 23600: 4 bars
2026-06-01 04:00:59,702 [INFO] fyers_data: Straddle 23700: 4 bars
2026-06-01 04:01:00,165 [INFO] fyers_data: Straddle 23800: 4 bars
2026-06-01 04:01:00,629 [INFO] fyers_data: Straddle 23900: 4 bars
2026-06-01 04:01:01,079 [INFO] fyers_data: Straddle 24000: 4 bars
2026-06-01 04:01:01,079 [INFO] view_engine: View check | ATM below_vwap=True | upper_below=1 upper_above=3 | lower_above=0 lower_below=4 | score=-6.5 label=bearish
2026-06-01 04:01:01,079 [INFO] view_engine: Label pending (1/2): current=None pending=bearish
2026-06-01 04:01:01,079 [INFO] dashboard_gen: Dashboard written -> docs/index.html (13980 bytes)
2026-06-01 04:01:01,080 [INFO] strategy: Run complete.
2026-06-01 04:01:01,080 [INFO] main: ✓ main.py finished
2026-06-01 04:05:30,050 [INFO] main: ▶ main.py started
2026-06-01 04:05:30,823 [INFO] strategy: ============================================================
2026-06-01 04:05:30,823 [INFO] strategy: Run at 2026-06-01 09:35:30 IST
2026-06-01 04:05:31,181 [INFO] fyers_data: Fyers authenticated: SOURAVA KUMAR SETHY
2026-06-01 04:05:31,403 [INFO] fyers_data: Spot: 23596.4
2026-06-01 04:05:31,888 [INFO] fyers_data: Straddle 23200: 5 bars
2026-06-01 04:05:32,348 [INFO] fyers_data: Straddle 23300: 5 bars
2026-06-01 04:05:32,796 [INFO] fyers_data: Straddle 23400: 5 bars
2026-06-01 04:05:33,272 [INFO] fyers_data: Straddle 23500: 5 bars
2026-06-01 04:05:33,938 [INFO] fyers_data: Straddle 23600: 5 bars
2026-06-01 04:05:34,424 [INFO] fyers_data: Straddle 23700: 5 bars
2026-06-01 04:05:34,912 [INFO] fyers_data: Straddle 23800: 5 bars
2026-06-01 04:05:35,372 [INFO] fyers_data: Straddle 23900: 5 bars
2026-06-01 04:05:35,836 [INFO] fyers_data: Straddle 24000: 5 bars
2026-06-01 04:05:35,836 [INFO] view_engine: View check | ATM below_vwap=True | upper_below=1 upper_above=3 | lower_above=0 lower_below=4 | score=-6.5 label=bearish
2026-06-01 04:05:35,836 [INFO] view_engine: Label confirmed: None → bearish
2026-06-01 04:05:36,425 [INFO] dashboard_gen: Dashboard written -> docs/index.html (14624 bytes)
2026-06-01 04:05:36,426 [INFO] strategy: Run complete.
2026-06-01 04:05:36,426 [INFO] main: ✓ main.py finished
2026-06-01 04:10:36,380 [INFO] main: ▶ main.py started
2026-06-01 04:10:37,043 [INFO] strategy: ============================================================
2026-06-01 04:10:37,043 [INFO] strategy: Run at 2026-06-01 09:40:37 IST
2026-06-01 04:10:37,394 [INFO] fyers_data: Fyers authenticated: SOURAVA KUMAR SETHY
2026-06-01 04:10:38,114 [INFO] fyers_data: Spot: 23618.2
2026-06-01 04:10:38,763 [INFO] fyers_data: Straddle 23200: 6 bars
2026-06-01 04:10:39,276 [INFO] fyers_data: Straddle 23300: 6 bars
2026-06-01 04:10:39,788 [INFO] fyers_data: Straddle 23400: 6 bars
2026-06-01 04:10:40,438 [INFO] fyers_data: Straddle 23500: 6 bars
2026-06-01 04:10:40,952 [INFO] fyers_data: Straddle 23600: 6 bars
2026-06-01 04:10:41,479 [INFO] fyers_data: Straddle 23700: 6 bars
2026-06-01 04:10:41,994 [INFO] fyers_data: Straddle 23800: 6 bars
2026-06-01 04:10:42,509 [INFO] fyers_data: Straddle 23900: 6 bars
2026-06-01 04:10:43,014 [INFO] fyers_data: Straddle 24000: 6 bars
2026-06-01 04:10:43,014 [INFO] view_engine: View check | ATM below_vwap=True | upper_below=3 upper_above=1 | lower_above=0 lower_below=4 | score=-1.5 label=neutral
2026-06-01 04:10:43,014 [INFO] view_engine: Label pending (1/2): current=bearish pending=neutral
2026-06-01 04:10:43,732 [INFO] dashboard_gen: Dashboard written -> docs/index.html (15386 bytes)
2026-06-01 04:10:43,733 [INFO] strategy: Run complete.
2026-06-01 04:10:43,733 [INFO] main: ✓ main.py finished
2026-06-01 04:15:35,123 [INFO] main: ▶ main.py started
2026-06-01 04:15:36,044 [INFO] strategy: ============================================================
2026-06-01 04:15:36,044 [INFO] strategy: Run at 2026-06-01 09:45:36 IST
2026-06-01 04:15:36,403 [INFO] fyers_data: Fyers authenticated: SOURAVA KUMAR SETHY
2026-06-01 04:15:36,623 [INFO] fyers_data: Spot: 23584.95
2026-06-01 04:15:37,100 [INFO] fyers_data: Straddle 23200: 7 bars
2026-06-01 04:15:37,573 [INFO] fyers_data: Straddle 23300: 7 bars
2026-06-01 04:15:38,013 [INFO] fyers_data: Straddle 23400: 7 bars
2026-06-01 04:15:38,505 [INFO] fyers_data: Straddle 23500: 7 bars
2026-06-01 04:15:38,977 [INFO] fyers_data: Straddle 23600: 7 bars
2026-06-01 04:15:39,475 [INFO] fyers_data: Straddle 23700: 7 bars
2026-06-01 04:15:39,923 [INFO] fyers_data: Straddle 23800: 7 bars
2026-06-01 04:15:40,463 [INFO] fyers_data: Straddle 23900: 7 bars
2026-06-01 04:15:40,908 [INFO] fyers_data: Straddle 24000: 7 bars
2026-06-01 04:15:40,908 [INFO] view_engine: View check | ATM below_vwap=True | upper_below=1 upper_above=3 | lower_above=0 lower_below=4 | score=-6.5 label=bearish
2026-06-01 04:15:41,406 [INFO] dashboard_gen: Dashboard written -> docs/index.html (16109 bytes)
2026-06-01 04:15:41,407 [INFO] strategy: Run complete.
2026-06-01 04:15:41,407 [INFO] main: ✓ main.py finished
