2026-06-02 04:00:55,956 [INFO] main: ▶ main.py started
2026-06-02 04:00:56,712 [INFO] strategy: ============================================================
2026-06-02 04:00:56,712 [INFO] strategy: Run at 2026-06-02 09:30:56 IST
2026-06-02 04:00:56,728 [INFO] strategy: New trading day: 2026-06-02
2026-06-02 04:00:57,124 [INFO] fyers_data: Fyers authenticated: SOURAVA KUMAR SETHY
2026-06-02 04:00:57,389 [INFO] fyers_data: Spot: 23275.75
2026-06-02 04:00:57,648 [INFO] fyers_data: 9:15 candle close: 23286.5
2026-06-02 04:00:57,648 [INFO] strategy: ATM fixed at 23300
2026-06-02 04:00:58,169 [INFO] fyers_data: Straddle 22900: 4 bars
2026-06-02 04:00:58,696 [INFO] fyers_data: Straddle 23000: 4 bars
2026-06-02 04:00:59,215 [INFO] fyers_data: Straddle 23100: 4 bars
2026-06-02 04:00:59,727 [INFO] fyers_data: Straddle 23200: 4 bars
2026-06-02 04:01:00,251 [INFO] fyers_data: Straddle 23300: 4 bars
2026-06-02 04:01:00,785 [INFO] fyers_data: Straddle 23400: 4 bars
2026-06-02 04:01:01,309 [INFO] fyers_data: Straddle 23500: 4 bars
2026-06-02 04:01:01,852 [INFO] fyers_data: Straddle 23600: 4 bars
2026-06-02 04:01:02,441 [INFO] fyers_data: Straddle 23700: 4 bars
2026-06-02 04:01:02,441 [INFO] view_engine: View check | ATM below_vwap=True | upper_below=4 upper_above=0 | lower_above=1 lower_below=3 | score=+4.5 label=bullish
2026-06-02 04:01:02,441 [INFO] view_engine: Label pending (1/2): current=None pending=bullish
2026-06-02 04:01:02,441 [INFO] dashboard_gen: Dashboard written -> docs/index.html (14444 bytes)
2026-06-02 04:01:02,442 [INFO] strategy: Run complete.
2026-06-02 04:01:02,442 [INFO] main: ✓ main.py finished
