2026-06-17 04:01:11,590 [INFO] main: ▶ main.py started
2026-06-17 04:01:11,934 [INFO] strategy: ============================================================
2026-06-17 04:01:11,934 [INFO] strategy: Run at 2026-06-17 09:31:11 IST
2026-06-17 04:01:11,940 [INFO] strategy: New trading day: 2026-06-17
2026-06-17 04:01:12,272 [INFO] fyers_data: Fyers authenticated: SOURAVA KUMAR SETHY
2026-06-17 04:01:12,487 [INFO] fyers_data: Spot: 24024.75
2026-06-17 04:01:12,706 [INFO] fyers_data: 9:15 candle close: 23979.35
2026-06-17 04:01:12,706 [INFO] strategy: ATM fixed at 24000
2026-06-17 04:01:13,148 [INFO] fyers_data: Straddle 23600: 4 bars
2026-06-17 04:01:13,604 [INFO] fyers_data: Straddle 23700: 4 bars
2026-06-17 04:01:14,217 [INFO] fyers_data: Straddle 23800: 4 bars
2026-06-17 04:01:14,661 [INFO] fyers_data: Straddle 23900: 4 bars
2026-06-17 04:01:15,092 [INFO] fyers_data: Straddle 24000: 4 bars
2026-06-17 04:01:15,535 [INFO] fyers_data: Straddle 24100: 4 bars
2026-06-17 04:01:16,027 [INFO] fyers_data: Straddle 24200: 4 bars
2026-06-17 04:01:16,463 [INFO] fyers_data: Straddle 24300: 4 bars
2026-06-17 04:01:16,906 [INFO] fyers_data: Straddle 24400: 4 bars
2026-06-17 04:01:16,907 [INFO] view_engine: View check | ATM below_vwap=False | upper_below=4 upper_above=0 | lower_above=4 lower_below=0 | score=+10.5 label=very_bullish
2026-06-17 04:01:16,907 [INFO] view_engine: Label pending (1/2): current=None pending=very_bullish
2026-06-17 04:01:16,907 [INFO] dashboard_gen: Dashboard written -> docs/index.html (15012 bytes)
2026-06-17 04:01:16,908 [INFO] strategy: Run complete.
2026-06-17 04:01:16,908 [INFO] main: ✓ main.py finished
