2026-05-29 04:00:53,010 [INFO] main: ▶ main.py started
2026-05-29 04:00:53,366 [INFO] strategy: ============================================================
2026-05-29 04:00:53,366 [INFO] strategy: Run at 2026-05-29 09:30:53 IST
2026-05-29 04:00:53,404 [INFO] strategy: New trading day: 2026-05-29
2026-05-29 04:00:53,763 [INFO] fyers_data: Fyers authenticated: SOURAVA KUMAR SETHY
2026-05-29 04:00:53,985 [INFO] fyers_data: Spot: 23897.65
2026-05-29 04:00:54,215 [INFO] fyers_data: 9:15 candle close: 23963.3
2026-05-29 04:00:54,215 [INFO] strategy: ATM fixed at 24000
2026-05-29 04:00:54,709 [INFO] fyers_data: Straddle 23600: 4 bars
2026-05-29 04:00:55,159 [INFO] fyers_data: Straddle 23700: 4 bars
2026-05-29 04:00:55,633 [INFO] fyers_data: Straddle 23800: 4 bars
2026-05-29 04:00:56,107 [INFO] fyers_data: Straddle 23900: 4 bars
2026-05-29 04:00:56,568 [INFO] fyers_data: Straddle 24000: 4 bars
2026-05-29 04:00:57,039 [INFO] fyers_data: Straddle 24100: 4 bars
2026-05-29 04:00:57,504 [INFO] fyers_data: Straddle 24200: 4 bars
2026-05-29 04:00:57,970 [INFO] fyers_data: Straddle 24300: 4 bars
2026-05-29 04:00:58,432 [INFO] fyers_data: Straddle 24400: 4 bars
2026-05-29 04:00:58,433 [INFO] view_engine: View check | ATM below_vwap=False | upper_below=0 upper_above=4 | lower_above=1 lower_below=3 | score=-7.5 label=very_bearish
2026-05-29 04:00:58,433 [INFO] view_engine: Label pending (1/2): current=None pending=very_bearish
2026-05-29 04:00:58,433 [INFO] dashboard_gen: Dashboard written -> docs/index.html (13995 bytes)
2026-05-29 04:00:58,434 [INFO] strategy: Run complete.
2026-05-29 04:00:58,434 [INFO] main: ✓ main.py finished
