2026-06-10 04:01:07,101 [INFO] main: ▶ main.py started
2026-06-10 04:01:07,885 [INFO] strategy: ============================================================
2026-06-10 04:01:07,885 [INFO] strategy: Run at 2026-06-10 09:31:07 IST
2026-06-10 04:01:07,897 [INFO] strategy: New trading day: 2026-06-10
2026-06-10 04:01:08,223 [INFO] fyers_data: Fyers authenticated: SOURAVA KUMAR SETHY
2026-06-10 04:01:08,512 [INFO] fyers_data: Spot: 23343.05
2026-06-10 04:01:08,782 [INFO] fyers_data: 9:15 candle close: 23326.4
2026-06-10 04:01:08,783 [INFO] strategy: ATM fixed at 23300
2026-06-10 04:01:09,313 [INFO] fyers_data: Straddle 22900: 4 bars
2026-06-10 04:01:09,822 [INFO] fyers_data: Straddle 23000: 4 bars
2026-06-10 04:01:10,319 [INFO] fyers_data: Straddle 23100: 4 bars
2026-06-10 04:01:10,814 [INFO] fyers_data: Straddle 23200: 4 bars
2026-06-10 04:01:11,298 [INFO] fyers_data: Straddle 23300: 4 bars
2026-06-10 04:01:11,790 [INFO] fyers_data: Straddle 23400: 4 bars
2026-06-10 04:01:12,290 [INFO] fyers_data: Straddle 23500: 4 bars
2026-06-10 04:01:12,795 [INFO] fyers_data: Straddle 23600: 4 bars
2026-06-10 04:01:13,435 [INFO] fyers_data: Straddle 23700: 4 bars
2026-06-10 04:01:13,435 [INFO] view_engine: View check | ATM below_vwap=False | upper_below=4 upper_above=0 | lower_above=4 lower_below=0 | score=+10.5 label=very_bullish
2026-06-10 04:01:13,436 [INFO] view_engine: Label pending (1/2): current=None pending=very_bullish
2026-06-10 04:01:13,436 [INFO] dashboard_gen: Dashboard written -> docs/index.html (15012 bytes)
2026-06-10 04:01:13,437 [INFO] strategy: Run complete.
2026-06-10 04:01:13,437 [INFO] main: ✓ main.py finished
2026-06-10 04:05:34,006 [INFO] main: ▶ main.py started
2026-06-10 04:05:35,011 [INFO] strategy: ============================================================
2026-06-10 04:05:35,011 [INFO] strategy: Run at 2026-06-10 09:35:35 IST
2026-06-10 04:05:35,362 [INFO] fyers_data: Fyers authenticated: SOURAVA KUMAR SETHY
2026-06-10 04:05:35,584 [INFO] fyers_data: Spot: 23346.85
2026-06-10 04:05:36,042 [INFO] fyers_data: Straddle 22900: 5 bars
2026-06-10 04:05:36,488 [INFO] fyers_data: Straddle 23000: 5 bars
2026-06-10 04:05:36,933 [INFO] fyers_data: Straddle 23100: 5 bars
2026-06-10 04:05:37,371 [INFO] fyers_data: Straddle 23200: 5 bars
2026-06-10 04:05:37,886 [INFO] fyers_data: Straddle 23300: 5 bars
2026-06-10 04:05:38,334 [INFO] fyers_data: Straddle 23400: 5 bars
2026-06-10 04:05:38,773 [INFO] fyers_data: Straddle 23500: 5 bars
2026-06-10 04:05:39,208 [INFO] fyers_data: Straddle 23600: 5 bars
2026-06-10 04:05:39,642 [INFO] fyers_data: Straddle 23700: 5 bars
2026-06-10 04:05:39,642 [INFO] view_engine: View check | ATM below_vwap=False | upper_below=4 upper_above=0 | lower_above=4 lower_below=0 | score=+10.5 label=very_bullish
2026-06-10 04:05:39,642 [INFO] view_engine: Label confirmed: None → very_bullish
2026-06-10 04:05:40,138 [INFO] dashboard_gen: Dashboard written -> docs/index.html (15668 bytes)
2026-06-10 04:05:40,138 [INFO] strategy: Run complete.
2026-06-10 04:05:40,138 [INFO] main: ✓ main.py finished
2026-06-10 04:10:37,976 [INFO] main: ▶ main.py started
2026-06-10 04:10:38,318 [INFO] strategy: ============================================================
2026-06-10 04:10:38,318 [INFO] strategy: Run at 2026-06-10 09:40:38 IST
2026-06-10 04:10:38,644 [INFO] fyers_data: Fyers authenticated: SOURAVA KUMAR SETHY
2026-06-10 04:10:38,892 [INFO] fyers_data: Spot: 23340.35
2026-06-10 04:10:39,383 [INFO] fyers_data: Straddle 22900: 6 bars
2026-06-10 04:10:39,877 [INFO] fyers_data: Straddle 23000: 6 bars
2026-06-10 04:10:40,368 [INFO] fyers_data: Straddle 23100: 6 bars
2026-06-10 04:10:40,872 [INFO] fyers_data: Straddle 23200: 6 bars
2026-06-10 04:10:41,371 [INFO] fyers_data: Straddle 23300: 6 bars
2026-06-10 04:10:41,874 [INFO] fyers_data: Straddle 23400: 6 bars
2026-06-10 04:10:42,364 [INFO] fyers_data: Straddle 23500: 6 bars
2026-06-10 04:10:42,862 [INFO] fyers_data: Straddle 23600: 6 bars
2026-06-10 04:10:43,353 [INFO] fyers_data: Straddle 23700: 6 bars
2026-06-10 04:10:43,353 [INFO] view_engine: View check | ATM below_vwap=True | upper_below=4 upper_above=0 | lower_above=4 lower_below=0 | score=+11.5 label=very_bullish
2026-06-10 04:10:43,354 [INFO] dashboard_gen: Dashboard written -> docs/index.html (16323 bytes)
2026-06-10 04:10:43,354 [INFO] strategy: Run complete.
2026-06-10 04:10:43,355 [INFO] main: ✓ main.py finished
