2026-06-22 04:01:16,761 [INFO] main: ▶ main.py started
2026-06-22 04:01:17,494 [INFO] strategy: ============================================================
2026-06-22 04:01:17,495 [INFO] strategy: Run at 2026-06-22 09:31:17 IST
2026-06-22 04:01:17,500 [INFO] strategy: New trading day: 2026-06-22
2026-06-22 04:01:17,866 [INFO] fyers_data: Fyers authenticated: SOURAVA KUMAR SETHY
2026-06-22 04:01:18,130 [INFO] fyers_data: Spot: 24136.85
2026-06-22 04:01:18,392 [INFO] fyers_data: 9:15 candle close: 24122.15
2026-06-22 04:01:18,392 [INFO] strategy: ATM fixed at 24100
2026-06-22 04:01:18,982 [INFO] fyers_data: Straddle 23700: 4 bars
2026-06-22 04:01:19,511 [INFO] fyers_data: Straddle 23800: 4 bars
2026-06-22 04:01:20,026 [INFO] fyers_data: Straddle 23900: 4 bars
2026-06-22 04:01:20,546 [INFO] fyers_data: Straddle 24000: 4 bars
2026-06-22 04:01:21,075 [INFO] fyers_data: Straddle 24100: 4 bars
2026-06-22 04:01:21,592 [INFO] fyers_data: Straddle 24200: 4 bars
2026-06-22 04:01:22,112 [INFO] fyers_data: Straddle 24300: 4 bars
2026-06-22 04:01:22,635 [INFO] fyers_data: Straddle 24400: 4 bars
2026-06-22 04:01:23,285 [INFO] fyers_data: Straddle 24500: 4 bars
2026-06-22 04:01:23,285 [INFO] view_engine: View check | ATM below_vwap=True | upper_below=4 upper_above=0 | lower_above=4 lower_below=0 | score=+11.5 label=very_bullish
2026-06-22 04:01:23,285 [INFO] view_engine: Label pending (1/2): current=None pending=very_bullish
2026-06-22 04:01:23,286 [INFO] dashboard_gen: Dashboard written -> docs/index.html (15012 bytes)
2026-06-22 04:01:23,286 [INFO] strategy: Run complete.
2026-06-22 04:01:23,286 [INFO] main: ✓ main.py finished
