2026-06-08 04:01:07,132 [INFO] main: ▶ main.py started
2026-06-08 04:01:08,355 [INFO] strategy: ============================================================
2026-06-08 04:01:08,355 [INFO] strategy: Run at 2026-06-08 09:31:08 IST
2026-06-08 04:01:08,390 [INFO] strategy: New trading day: 2026-06-08
2026-06-08 04:01:08,760 [INFO] fyers_data: Fyers authenticated: SOURAVA KUMAR SETHY
2026-06-08 04:01:09,022 [INFO] fyers_data: Spot: 23173.45
2026-06-08 04:01:09,289 [INFO] fyers_data: 9:15 candle close: 23130.55
2026-06-08 04:01:09,289 [INFO] strategy: ATM fixed at 23100
2026-06-08 04:01:09,825 [INFO] fyers_data: Straddle 22700: 4 bars
2026-06-08 04:01:10,415 [INFO] fyers_data: Straddle 22800: 4 bars
2026-06-08 04:01:10,961 [INFO] fyers_data: Straddle 22900: 4 bars
2026-06-08 04:01:11,504 [INFO] fyers_data: Straddle 23000: 4 bars
2026-06-08 04:01:12,133 [INFO] fyers_data: Straddle 23100: 4 bars
2026-06-08 04:01:12,708 [INFO] fyers_data: Straddle 23200: 4 bars
2026-06-08 04:01:13,297 [INFO] fyers_data: Straddle 23300: 4 bars
2026-06-08 04:01:13,829 [INFO] fyers_data: Straddle 23400: 4 bars
2026-06-08 04:01:14,366 [INFO] fyers_data: Straddle 23500: 4 bars
2026-06-08 04:01:14,366 [INFO] view_engine: View check | ATM below_vwap=False | upper_below=4 upper_above=0 | lower_above=4 lower_below=0 | score=+10.5 label=very_bullish
2026-06-08 04:01:14,367 [INFO] view_engine: Label pending (1/2): current=None pending=very_bullish
2026-06-08 04:01:14,367 [INFO] dashboard_gen: Dashboard written -> docs/index.html (15041 bytes)
2026-06-08 04:01:14,368 [INFO] strategy: Run complete.
2026-06-08 04:01:14,368 [INFO] main: ✓ main.py finished
