2026-05-27 04:00:55,444 [INFO] main: ▶ main.py started
2026-05-27 04:00:55,786 [INFO] strategy: ============================================================
2026-05-27 04:00:55,786 [INFO] strategy: Run at 2026-05-27 09:30:55 IST
2026-05-27 04:00:55,787 [INFO] state_manager: No state file – starting fresh.
2026-05-27 04:00:55,801 [INFO] strategy: New trading day: 2026-05-27
2026-05-27 04:00:56,116 [INFO] fyers_data: Fyers authenticated: SOURAVA KUMAR SETHY
2026-05-27 04:00:56,356 [INFO] fyers_data: Spot: 23894
2026-05-27 04:00:56,598 [INFO] fyers_data: 9:15 candle close: 23926.0
2026-05-27 04:00:56,598 [INFO] strategy: ATM fixed at 23900
2026-05-27 04:00:57,232 [INFO] fyers_data: Straddle 23500: 4 bars
2026-05-27 04:00:58,189 [INFO] fyers_data: Straddle 23600: 4 bars
2026-05-27 04:00:58,681 [INFO] fyers_data: Straddle 23700: 4 bars
2026-05-27 04:00:59,170 [INFO] fyers_data: Straddle 23800: 4 bars
2026-05-27 04:00:59,674 [INFO] fyers_data: Straddle 23900: 4 bars
2026-05-27 04:01:00,169 [INFO] fyers_data: Straddle 24000: 4 bars
2026-05-27 04:01:00,662 [INFO] fyers_data: Straddle 24100: 4 bars
2026-05-27 04:01:01,157 [INFO] fyers_data: Straddle 24200: 4 bars
2026-05-27 04:01:01,649 [INFO] fyers_data: Straddle 24300: 4 bars
2026-05-27 04:01:01,649 [INFO] view_engine: View check | ATM below_vwap=True | upper_below=2 upper_above=2 | lower_above=0 lower_below=4 | score=-3.5 label=bearish
2026-05-27 04:01:01,649 [INFO] view_engine: Label pending (1/2): current=None pending=bearish
2026-05-27 04:01:01,650 [INFO] dashboard_gen: Dashboard written -> docs/index.html (13918 bytes)
2026-05-27 04:01:01,650 [INFO] strategy: Run complete.
2026-05-27 04:01:01,650 [INFO] main: ✓ main.py finished
