2026-05-21 09:08:28,041 [INFO] main: ▶ main.py started
2026-05-21 09:08:28,252 [INFO] strategy: ============================================================
2026-05-21 09:08:28,252 [INFO] strategy: Strategy run at 2026-05-21 14:38:28 IST
2026-05-21 09:08:28,253 [INFO] state_manager: No state file found – starting fresh.
2026-05-21 09:08:28,259 [INFO] state_manager: Resetting state for new day: 2026-05-21
2026-05-21 09:08:28,259 [INFO] strategy: New trading day: 2026-05-21
2026-05-21 09:08:28,988 [ERROR] fyers_data: get_spot_price error: 500 Server Error: ERROR for url: https://api.fyers.in/data-rest/v2/quotes/?symbols=NSE%3ANIFTY50-INDEX
2026-05-21 09:08:28,989 [ERROR] strategy: Could not fetch spot price – aborting this run.
2026-05-21 09:08:28,990 [INFO] dashboard_gen: Dashboard written to docs/index.html
2026-05-21 09:08:28,990 [INFO] main: ✓ main.py finished
2026-05-21 09:10:22,325 [INFO] main: ▶ main.py started
2026-05-21 09:10:23,250 [INFO] strategy: ============================================================
2026-05-21 09:10:23,250 [INFO] strategy: Strategy run at 2026-05-21 14:40:23 IST
2026-05-21 09:10:24,020 [ERROR] fyers_data: get_spot_price error: 500 Server Error: ERROR for url: https://api.fyers.in/data-rest/v2/quotes/?symbols=NSE%3ANIFTY50-INDEX
2026-05-21 09:10:24,021 [ERROR] strategy: Could not fetch spot price – aborting this run.
2026-05-21 09:10:24,021 [INFO] dashboard_gen: Dashboard written to docs/index.html
2026-05-21 09:10:24,022 [INFO] main: ✓ main.py finished
2026-05-21 09:13:51,597 [INFO] main: ▶ main.py started
2026-05-21 09:13:52,332 [INFO] strategy: ============================================================
2026-05-21 09:13:52,333 [INFO] strategy: Strategy run at 2026-05-21 14:43:52 IST
2026-05-21 09:13:53,052 [ERROR] fyers_data: get_spot_price error: 500 Server Error: ERROR for url: https://api.fyers.in/data-rest/v2/quotes/?symbols=NSE%3ANIFTY-INDEX
2026-05-21 09:13:53,053 [ERROR] strategy: Could not fetch spot price – aborting this run.
2026-05-21 09:13:53,054 [INFO] dashboard_gen: Dashboard written to docs/index.html
2026-05-21 09:13:53,054 [INFO] main: ✓ main.py finished
2026-05-21 09:16:58,063 [INFO] main: ▶ main.py started
2026-05-21 09:16:58,762 [INFO] strategy: ============================================================
2026-05-21 09:16:58,762 [INFO] strategy: Strategy run at 2026-05-21 14:46:58 IST
2026-05-21 09:16:59,515 [ERROR] fyers_data: get_spot_price error: 500 Server Error: ERROR for url: https://api.fyers.in/data-rest/v2/quotes/?symbols=NSE%3ANIFTY50-INDEX
2026-05-21 09:16:59,516 [ERROR] strategy: Could not fetch spot price – aborting this run.
2026-05-21 09:16:59,516 [INFO] dashboard_gen: Dashboard written to docs/index.html
2026-05-21 09:16:59,517 [INFO] main: ✓ main.py finished
2026-05-21 09:21:04,562 [INFO] main: ▶ main.py started
2026-05-21 09:21:05,268 [INFO] strategy: ============================================================
2026-05-21 09:21:05,268 [INFO] strategy: Strategy run at 2026-05-21 14:51:05 IST
2026-05-21 09:21:06,019 [ERROR] fyers_data: get_spot_price HTTP 500: {"s": "error", "code": 500, "message": "Invalid Request, please provide valid method"}
2026-05-21 09:21:06,020 [ERROR] strategy: Could not fetch spot price – aborting this run.
2026-05-21 09:21:06,021 [INFO] dashboard_gen: Dashboard written to docs/index.html
2026-05-21 09:21:06,021 [INFO] main: ✓ main.py finished
