2026-06-19 04:01:07,872 [INFO] main: ▶ main.py started
2026-06-19 04:01:08,190 [INFO] strategy: ============================================================
2026-06-19 04:01:08,190 [INFO] strategy: Run at 2026-06-19 09:31:08 IST
2026-06-19 04:01:08,196 [INFO] strategy: New trading day: 2026-06-19
2026-06-19 04:01:08,537 [INFO] fyers_data: Fyers authenticated: SOURAVA KUMAR SETHY
2026-06-19 04:01:08,748 [INFO] fyers_data: Spot: 23946.25
2026-06-19 04:01:09,015 [INFO] fyers_data: 9:15 candle close: 23980.8
2026-06-19 04:01:09,015 [INFO] strategy: ATM fixed at 24000
2026-06-19 04:01:09,448 [INFO] fyers_data: Straddle 23600: 4 bars
2026-06-19 04:01:09,887 [INFO] fyers_data: Straddle 23700: 4 bars
2026-06-19 04:01:10,342 [INFO] fyers_data: Straddle 23800: 4 bars
2026-06-19 04:01:10,771 [INFO] fyers_data: Straddle 23900: 4 bars
2026-06-19 04:01:11,215 [INFO] fyers_data: Straddle 24000: 4 bars
2026-06-19 04:01:11,699 [INFO] fyers_data: Straddle 24100: 4 bars
2026-06-19 04:01:12,131 [INFO] fyers_data: Straddle 24200: 4 bars
2026-06-19 04:01:12,592 [INFO] fyers_data: Straddle 24300: 4 bars
2026-06-19 04:01:13,046 [INFO] fyers_data: Straddle 24400: 4 bars
2026-06-19 04:01:13,047 [INFO] view_engine: View check | ATM below_vwap=False | upper_below=0 upper_above=4 | lower_above=1 lower_below=3 | score=-7.5 label=very_bearish
2026-06-19 04:01:13,047 [INFO] view_engine: Label pending (1/2): current=None pending=very_bearish
2026-06-19 04:01:13,047 [INFO] dashboard_gen: Dashboard written -> docs/index.html (15010 bytes)
2026-06-19 04:01:13,048 [INFO] strategy: Run complete.
2026-06-19 04:01:13,048 [INFO] main: ✓ main.py finished
2026-06-19 04:05:39,994 [INFO] main: ▶ main.py started
2026-06-19 04:05:40,374 [INFO] strategy: ============================================================
2026-06-19 04:05:40,374 [INFO] strategy: Run at 2026-06-19 09:35:40 IST
2026-06-19 04:05:40,659 [INFO] fyers_data: Fyers authenticated: SOURAVA KUMAR SETHY
2026-06-19 04:05:40,899 [INFO] fyers_data: Spot: 23952.1
2026-06-19 04:05:41,425 [INFO] fyers_data: Straddle 23600: 5 bars
2026-06-19 04:05:41,882 [INFO] fyers_data: Straddle 23700: 5 bars
2026-06-19 04:05:42,400 [INFO] fyers_data: Straddle 23800: 5 bars
2026-06-19 04:05:42,876 [INFO] fyers_data: Straddle 23900: 5 bars
2026-06-19 04:05:43,386 [INFO] fyers_data: Straddle 24000: 5 bars
2026-06-19 04:05:43,867 [INFO] fyers_data: Straddle 24100: 5 bars
2026-06-19 04:05:44,355 [INFO] fyers_data: Straddle 24200: 5 bars
2026-06-19 04:05:44,818 [INFO] fyers_data: Straddle 24300: 5 bars
2026-06-19 04:05:45,745 [INFO] fyers_data: Straddle 24400: 5 bars
2026-06-19 04:05:45,745 [INFO] view_engine: View check | ATM below_vwap=False | upper_below=0 upper_above=4 | lower_above=1 lower_below=3 | score=-7.5 label=very_bearish
2026-06-19 04:05:45,745 [INFO] view_engine: Label confirmed: None → very_bearish
2026-06-19 04:05:46,317 [INFO] dashboard_gen: Dashboard written -> docs/index.html (15664 bytes)
2026-06-19 04:05:46,317 [INFO] strategy: Run complete.
2026-06-19 04:05:46,317 [INFO] main: ✓ main.py finished
2026-06-19 04:10:53,932 [INFO] main: ▶ main.py started
2026-06-19 04:10:54,688 [INFO] strategy: ============================================================
2026-06-19 04:10:54,688 [INFO] strategy: Run at 2026-06-19 09:40:54 IST
2026-06-19 04:10:55,112 [INFO] fyers_data: Fyers authenticated: SOURAVA KUMAR SETHY
2026-06-19 04:10:55,379 [INFO] fyers_data: Spot: 23980.9
2026-06-19 04:10:55,929 [INFO] fyers_data: Straddle 23600: 6 bars
2026-06-19 04:10:56,483 [INFO] fyers_data: Straddle 23700: 6 bars
2026-06-19 04:10:57,022 [INFO] fyers_data: Straddle 23800: 6 bars
2026-06-19 04:10:57,544 [INFO] fyers_data: Straddle 23900: 6 bars
2026-06-19 04:10:58,072 [INFO] fyers_data: Straddle 24000: 6 bars
2026-06-19 04:10:58,610 [INFO] fyers_data: Straddle 24100: 6 bars
2026-06-19 04:10:59,138 [INFO] fyers_data: Straddle 24200: 6 bars
2026-06-19 04:10:59,697 [INFO] fyers_data: Straddle 24300: 6 bars
2026-06-19 04:11:00,231 [INFO] fyers_data: Straddle 24400: 6 bars
2026-06-19 04:11:00,231 [INFO] view_engine: View check | ATM below_vwap=False | upper_below=0 upper_above=4 | lower_above=3 lower_below=1 | score=-2.5 label=neutral
2026-06-19 04:11:00,232 [INFO] view_engine: Label pending (1/2): current=very_bearish pending=neutral
2026-06-19 04:11:00,936 [INFO] dashboard_gen: Dashboard written -> docs/index.html (16426 bytes)
2026-06-19 04:11:00,937 [INFO] strategy: Run complete.
2026-06-19 04:11:00,937 [INFO] main: ✓ main.py finished
2026-06-19 04:15:52,868 [INFO] main: ▶ main.py started
2026-06-19 04:15:53,559 [INFO] strategy: ============================================================
2026-06-19 04:15:53,559 [INFO] strategy: Run at 2026-06-19 09:45:53 IST
2026-06-19 04:15:53,895 [INFO] fyers_data: Fyers authenticated: SOURAVA KUMAR SETHY
2026-06-19 04:15:54,140 [INFO] fyers_data: Spot: 23967.6
2026-06-19 04:15:54,641 [INFO] fyers_data: Straddle 23600: 7 bars
2026-06-19 04:15:55,128 [INFO] fyers_data: Straddle 23700: 7 bars
2026-06-19 04:15:55,622 [INFO] fyers_data: Straddle 23800: 7 bars
2026-06-19 04:15:56,124 [INFO] fyers_data: Straddle 23900: 7 bars
2026-06-19 04:15:56,618 [INFO] fyers_data: Straddle 24000: 7 bars
2026-06-19 04:15:57,105 [INFO] fyers_data: Straddle 24100: 7 bars
2026-06-19 04:15:57,593 [INFO] fyers_data: Straddle 24200: 7 bars
2026-06-19 04:15:58,096 [INFO] fyers_data: Straddle 24300: 7 bars
2026-06-19 04:15:58,652 [INFO] fyers_data: Straddle 24400: 7 bars
2026-06-19 04:15:58,652 [INFO] view_engine: View check | ATM below_vwap=False | upper_below=0 upper_above=4 | lower_above=1 lower_below=3 | score=-7.5 label=very_bearish
2026-06-19 04:15:59,607 [INFO] position_manager: Selected CE 24200 | delta=0.287 ltp=45.80 dist=200pts
2026-06-19 04:15:59,852 [INFO] position_manager: Selected PE 23800 | delta=0.309 ltp=58.05 dist=200pts
2026-06-19 04:16:00,326 [INFO] position_manager: Entry | label=very_bearish CE 24200x12 d=0.287 PE 23800x4 d=0.309
2026-06-19 04:16:00,977 [INFO] strategy: Entry done: label=very_bearish legs=4
2026-06-19 04:16:01,232 [INFO] strategy: MTM P&L: ₹-52
2026-06-19 04:16:01,486 [INFO] dashboard_gen: Dashboard written -> docs/index.html (18916 bytes)
2026-06-19 04:16:01,487 [INFO] strategy: Run complete.
2026-06-19 04:16:01,487 [INFO] main: ✓ main.py finished
