2026-06-23 04:01:15,552 [INFO] main: ▶ main.py started
2026-06-23 04:01:16,470 [INFO] strategy: ============================================================
2026-06-23 04:01:16,470 [INFO] strategy: Run at 2026-06-23 09:31:16 IST
2026-06-23 04:01:16,486 [INFO] strategy: New trading day: 2026-06-23
2026-06-23 04:01:16,859 [INFO] fyers_data: Fyers authenticated: SOURAVA KUMAR SETHY
2026-06-23 04:01:17,473 [INFO] fyers_data: Spot: 24096.35
2026-06-23 04:01:17,691 [INFO] fyers_data: 9:15 candle close: 24076.3
2026-06-23 04:01:17,691 [INFO] strategy: ATM fixed at 24100
2026-06-23 04:01:18,110 [INFO] fyers_data: Straddle 23700: 4 bars
2026-06-23 04:01:18,585 [INFO] fyers_data: Straddle 23800: 4 bars
2026-06-23 04:01:19,069 [INFO] fyers_data: Straddle 23900: 4 bars
2026-06-23 04:01:19,487 [INFO] fyers_data: Straddle 24000: 4 bars
2026-06-23 04:01:19,973 [INFO] fyers_data: Straddle 24100: 4 bars
2026-06-23 04:01:20,395 [INFO] fyers_data: Straddle 24200: 4 bars
2026-06-23 04:01:20,885 [INFO] fyers_data: Straddle 24300: 4 bars
2026-06-23 04:01:21,298 [INFO] fyers_data: Straddle 24400: 4 bars
2026-06-23 04:01:21,724 [INFO] fyers_data: Straddle 24500: 4 bars
2026-06-23 04:01:21,725 [INFO] view_engine: View check | ATM below_vwap=True | upper_below=4 upper_above=0 | lower_above=4 lower_below=0 | score=+11.5 label=very_bullish
2026-06-23 04:01:21,725 [INFO] view_engine: Label pending (1/2): current=None pending=very_bullish
2026-06-23 04:01:21,725 [INFO] dashboard_gen: Dashboard written -> docs/index.html (15030 bytes)
2026-06-23 04:01:21,726 [INFO] strategy: Run complete.
2026-06-23 04:01:21,726 [INFO] main: ✓ main.py finished
