2026-06-09 04:01:03,490 [INFO] main: ▶ main.py started
2026-06-09 04:01:03,823 [INFO] strategy: ============================================================
2026-06-09 04:01:03,823 [INFO] strategy: Run at 2026-06-09 09:31:03 IST
2026-06-09 04:01:03,846 [INFO] strategy: New trading day: 2026-06-09
2026-06-09 04:01:04,628 [INFO] fyers_data: Fyers authenticated: SOURAVA KUMAR SETHY
2026-06-09 04:01:04,876 [INFO] fyers_data: Spot: 23236.05
2026-06-09 04:01:05,123 [INFO] fyers_data: 9:15 candle close: 23235.15
2026-06-09 04:01:05,123 [INFO] strategy: ATM fixed at 23200
2026-06-09 04:01:06,096 [INFO] fyers_data: Straddle 22800: 4 bars
2026-06-09 04:01:06,618 [INFO] fyers_data: Straddle 22900: 4 bars
2026-06-09 04:01:07,123 [INFO] fyers_data: Straddle 23000: 4 bars
2026-06-09 04:01:07,625 [INFO] fyers_data: Straddle 23100: 4 bars
2026-06-09 04:01:08,130 [INFO] fyers_data: Straddle 23200: 4 bars
2026-06-09 04:01:08,628 [INFO] fyers_data: Straddle 23300: 4 bars
2026-06-09 04:01:09,130 [INFO] fyers_data: Straddle 23400: 4 bars
2026-06-09 04:01:09,655 [INFO] fyers_data: Straddle 23500: 4 bars
2026-06-09 04:01:10,158 [INFO] fyers_data: Straddle 23600: 4 bars
2026-06-09 04:01:10,158 [INFO] view_engine: View check | ATM below_vwap=True | upper_below=4 upper_above=0 | lower_above=4 lower_below=0 | score=+11.5 label=very_bullish
2026-06-09 04:01:10,158 [INFO] view_engine: Label pending (1/2): current=None pending=very_bullish
2026-06-09 04:01:10,159 [INFO] dashboard_gen: Dashboard written -> docs/index.html (15012 bytes)
2026-06-09 04:01:10,159 [INFO] strategy: Run complete.
2026-06-09 04:01:10,159 [INFO] main: ✓ main.py finished
