2026-06-25 04:01:14,091 [INFO] main: ▶ main.py started
2026-06-25 04:01:14,417 [INFO] strategy: ============================================================
2026-06-25 04:01:14,417 [INFO] strategy: Run at 2026-06-25 09:31:14 IST
2026-06-25 04:01:14,423 [INFO] strategy: New trading day: 2026-06-25
2026-06-25 04:01:14,747 [INFO] fyers_data: Fyers authenticated: SOURAVA KUMAR SETHY
2026-06-25 04:01:15,003 [INFO] fyers_data: Spot: 24143.4
2026-06-25 04:01:15,430 [INFO] fyers_data: 9:15 candle close: 24129.85
2026-06-25 04:01:15,430 [INFO] strategy: ATM fixed at 24100
2026-06-25 04:01:15,928 [INFO] fyers_data: Straddle 23700: 4 bars
2026-06-25 04:01:16,437 [INFO] fyers_data: Straddle 23800: 4 bars
2026-06-25 04:01:16,945 [INFO] fyers_data: Straddle 23900: 4 bars
2026-06-25 04:01:17,453 [INFO] fyers_data: Straddle 24000: 4 bars
2026-06-25 04:01:17,974 [INFO] fyers_data: Straddle 24100: 4 bars
2026-06-25 04:01:18,489 [INFO] fyers_data: Straddle 24200: 4 bars
2026-06-25 04:01:18,998 [INFO] fyers_data: Straddle 24300: 4 bars
2026-06-25 04:01:19,520 [INFO] fyers_data: Straddle 24400: 4 bars
2026-06-25 04:01:20,038 [INFO] fyers_data: Straddle 24500: 4 bars
2026-06-25 04:01:20,038 [INFO] view_engine: View check | ATM below_vwap=True | upper_below=3 upper_above=1 | lower_above=1 lower_below=3 | score=+2.5 label=neutral
2026-06-25 04:01:20,039 [INFO] view_engine: Label pending (1/2): current=None pending=neutral
2026-06-25 04:01:20,039 [INFO] dashboard_gen: Dashboard written -> docs/index.html (15194 bytes)
2026-06-25 04:01:20,040 [INFO] strategy: Run complete.
2026-06-25 04:01:20,040 [INFO] main: ✓ main.py finished
2026-06-25 04:05:39,972 [INFO] main: ▶ main.py started
2026-06-25 04:05:40,323 [INFO] strategy: ============================================================
2026-06-25 04:05:40,324 [INFO] strategy: Run at 2026-06-25 09:35:40 IST
2026-06-25 04:05:40,661 [INFO] fyers_data: Fyers authenticated: SOURAVA KUMAR SETHY
2026-06-25 04:05:40,866 [INFO] fyers_data: Spot: 24145.25
2026-06-25 04:05:41,323 [INFO] fyers_data: Straddle 23700: 5 bars
2026-06-25 04:05:41,783 [INFO] fyers_data: Straddle 23800: 5 bars
2026-06-25 04:05:42,233 [INFO] fyers_data: Straddle 23900: 5 bars
2026-06-25 04:05:42,694 [INFO] fyers_data: Straddle 24000: 5 bars
2026-06-25 04:05:43,150 [INFO] fyers_data: Straddle 24100: 5 bars
2026-06-25 04:05:43,592 [INFO] fyers_data: Straddle 24200: 5 bars
2026-06-25 04:05:44,063 [INFO] fyers_data: Straddle 24300: 5 bars
2026-06-25 04:05:44,509 [INFO] fyers_data: Straddle 24400: 5 bars
2026-06-25 04:05:44,968 [INFO] fyers_data: Straddle 24500: 5 bars
2026-06-25 04:05:44,968 [INFO] view_engine: View check | ATM below_vwap=True | upper_below=4 upper_above=0 | lower_above=2 lower_below=2 | score=+7.5 label=very_bullish
2026-06-25 04:05:44,968 [INFO] view_engine: Label pending (1/2): current=None pending=very_bullish
2026-06-25 04:05:45,449 [INFO] dashboard_gen: Dashboard written -> docs/index.html (15973 bytes)
2026-06-25 04:05:45,450 [INFO] strategy: Run complete.
2026-06-25 04:05:45,450 [INFO] main: ✓ main.py finished
