2026-06-12 04:01:02,191 [INFO] main: ▶ main.py started
2026-06-12 04:01:03,046 [INFO] strategy: ============================================================
2026-06-12 04:01:03,046 [INFO] strategy: Run at 2026-06-12 09:31:03 IST
2026-06-12 04:01:03,061 [INFO] strategy: New trading day: 2026-06-12
2026-06-12 04:01:03,363 [INFO] fyers_data: Fyers authenticated: SOURAVA KUMAR SETHY
2026-06-12 04:01:03,589 [INFO] fyers_data: Spot: 23407.6
2026-06-12 04:01:03,821 [INFO] fyers_data: 9:15 candle close: 23444.65
2026-06-12 04:01:03,821 [INFO] strategy: ATM fixed at 23400
2026-06-12 04:01:04,295 [INFO] fyers_data: Straddle 23000: 4 bars
2026-06-12 04:01:04,768 [INFO] fyers_data: Straddle 23100: 4 bars
2026-06-12 04:01:05,264 [INFO] fyers_data: Straddle 23200: 4 bars
2026-06-12 04:01:05,742 [INFO] fyers_data: Straddle 23300: 4 bars
2026-06-12 04:01:06,207 [INFO] fyers_data: Straddle 23400: 4 bars
2026-06-12 04:01:06,722 [INFO] fyers_data: Straddle 23500: 4 bars
2026-06-12 04:01:07,177 [INFO] fyers_data: Straddle 23600: 4 bars
2026-06-12 04:01:07,671 [INFO] fyers_data: Straddle 23700: 4 bars
2026-06-12 04:01:08,208 [INFO] fyers_data: Straddle 23800: 4 bars
2026-06-12 04:01:08,208 [INFO] view_engine: View check | ATM below_vwap=False | upper_below=0 upper_above=4 | lower_above=2 lower_below=2 | score=-4.5 label=bearish
2026-06-12 04:01:08,208 [INFO] view_engine: Label pending (1/2): current=None pending=bearish
2026-06-12 04:01:08,209 [INFO] dashboard_gen: Dashboard written -> docs/index.html (14994 bytes)
2026-06-12 04:01:08,209 [INFO] strategy: Run complete.
2026-06-12 04:01:08,209 [INFO] main: ✓ main.py finished
