2026-06-05 04:01:00,417 [INFO] main: ▶ main.py started
2026-06-05 04:01:02,258 [INFO] strategy: ============================================================
2026-06-05 04:01:02,258 [INFO] strategy: Run at 2026-06-05 09:31:02 IST
2026-06-05 04:01:02,263 [INFO] strategy: New trading day: 2026-06-05
2026-06-05 04:01:02,562 [INFO] fyers_data: Fyers authenticated: SOURAVA KUMAR SETHY
2026-06-05 04:01:02,806 [INFO] fyers_data: Spot: 23475.5
2026-06-05 04:01:03,055 [INFO] fyers_data: 9:15 candle close: 23456.15
2026-06-05 04:01:03,055 [INFO] strategy: ATM fixed at 23500
2026-06-05 04:01:03,553 [INFO] fyers_data: Straddle 23100: 4 bars
2026-06-05 04:01:04,055 [INFO] fyers_data: Straddle 23200: 4 bars
2026-06-05 04:01:04,599 [INFO] fyers_data: Straddle 23300: 4 bars
2026-06-05 04:01:05,099 [INFO] fyers_data: Straddle 23400: 4 bars
2026-06-05 04:01:05,645 [INFO] fyers_data: Straddle 23500: 4 bars
2026-06-05 04:01:06,138 [INFO] fyers_data: Straddle 23600: 4 bars
2026-06-05 04:01:06,671 [INFO] fyers_data: Straddle 23700: 4 bars
2026-06-05 04:01:07,163 [INFO] fyers_data: Straddle 23800: 4 bars
2026-06-05 04:01:07,662 [INFO] fyers_data: Straddle 23900: 4 bars
2026-06-05 04:01:07,662 [INFO] view_engine: View check | ATM below_vwap=False | upper_below=3 upper_above=1 | lower_above=4 lower_below=0 | score=+8.5 label=very_bullish
2026-06-05 04:01:07,662 [INFO] view_engine: Label pending (1/2): current=None pending=very_bullish
2026-06-05 04:01:07,662 [INFO] dashboard_gen: Dashboard written -> docs/index.html (15038 bytes)
2026-06-05 04:01:07,662 [INFO] strategy: Run complete.
2026-06-05 04:01:07,663 [INFO] main: ✓ main.py finished
