2026-06-03 04:00:56,018 [INFO] main: ▶ main.py started
2026-06-03 04:00:56,317 [INFO] strategy: ============================================================
2026-06-03 04:00:56,317 [INFO] strategy: Run at 2026-06-03 09:30:56 IST
2026-06-03 04:00:56,322 [INFO] strategy: New trading day: 2026-06-03
2026-06-03 04:00:56,689 [INFO] fyers_data: Fyers authenticated: SOURAVA KUMAR SETHY
2026-06-03 04:00:56,916 [INFO] fyers_data: Spot: 23279.55
2026-06-03 04:00:57,137 [INFO] fyers_data: 9:15 candle close: 23299.3
2026-06-03 04:00:57,137 [INFO] strategy: ATM fixed at 23300
2026-06-03 04:00:57,576 [INFO] fyers_data: Straddle 22900: 4 bars
2026-06-03 04:00:58,041 [INFO] fyers_data: Straddle 23000: 4 bars
2026-06-03 04:00:58,492 [INFO] fyers_data: Straddle 23100: 4 bars
2026-06-03 04:00:58,936 [INFO] fyers_data: Straddle 23200: 4 bars
2026-06-03 04:00:59,396 [INFO] fyers_data: Straddle 23300: 4 bars
2026-06-03 04:00:59,848 [INFO] fyers_data: Straddle 23400: 4 bars
2026-06-03 04:01:00,298 [INFO] fyers_data: Straddle 23500: 4 bars
2026-06-03 04:01:00,739 [INFO] fyers_data: Straddle 23600: 4 bars
2026-06-03 04:01:01,198 [INFO] fyers_data: Straddle 23700: 4 bars
2026-06-03 04:01:01,198 [INFO] view_engine: View check | ATM below_vwap=False | upper_below=0 upper_above=4 | lower_above=1 lower_below=3 | score=-7.5 label=very_bearish
2026-06-03 04:01:01,198 [INFO] view_engine: Label pending (1/2): current=None pending=very_bearish
2026-06-03 04:01:01,199 [INFO] dashboard_gen: Dashboard written -> docs/index.html (15039 bytes)
2026-06-03 04:01:01,199 [INFO] strategy: Run complete.
2026-06-03 04:01:01,199 [INFO] main: ✓ main.py finished
2026-06-03 04:05:29,852 [INFO] main: ▶ main.py started
2026-06-03 04:05:30,706 [INFO] strategy: ============================================================
2026-06-03 04:05:30,706 [INFO] strategy: Run at 2026-06-03 09:35:30 IST
2026-06-03 04:05:31,091 [INFO] fyers_data: Fyers authenticated: SOURAVA KUMAR SETHY
2026-06-03 04:05:31,363 [INFO] fyers_data: Spot: 23252.3
2026-06-03 04:05:31,853 [INFO] fyers_data: Straddle 22900: 5 bars
2026-06-03 04:05:32,755 [INFO] fyers_data: Straddle 23000: 5 bars
2026-06-03 04:05:33,202 [INFO] fyers_data: Straddle 23100: 5 bars
2026-06-03 04:05:33,672 [INFO] fyers_data: Straddle 23200: 5 bars
2026-06-03 04:05:34,105 [INFO] fyers_data: Straddle 23300: 5 bars
2026-06-03 04:05:34,599 [INFO] fyers_data: Straddle 23400: 5 bars
2026-06-03 04:05:35,090 [INFO] fyers_data: Straddle 23500: 5 bars
2026-06-03 04:05:35,587 [INFO] fyers_data: Straddle 23600: 5 bars
2026-06-03 04:05:36,026 [INFO] fyers_data: Straddle 23700: 5 bars
2026-06-03 04:05:36,026 [INFO] view_engine: View check | ATM below_vwap=False | upper_below=0 upper_above=4 | lower_above=0 lower_below=4 | score=-11.5 label=very_bearish
2026-06-03 04:05:36,026 [INFO] view_engine: Label confirmed: None → very_bearish
2026-06-03 04:05:36,553 [INFO] dashboard_gen: Dashboard written -> docs/index.html (15695 bytes)
2026-06-03 04:05:36,553 [INFO] strategy: Run complete.
2026-06-03 04:05:36,553 [INFO] main: ✓ main.py finished
2026-06-03 04:10:33,688 [INFO] main: ▶ main.py started
2026-06-03 04:10:33,999 [INFO] strategy: ============================================================
2026-06-03 04:10:34,000 [INFO] strategy: Run at 2026-06-03 09:40:34 IST
2026-06-03 04:10:34,291 [INFO] fyers_data: Fyers authenticated: SOURAVA KUMAR SETHY
2026-06-03 04:10:34,504 [INFO] fyers_data: Spot: 23268.8
2026-06-03 04:10:34,954 [INFO] fyers_data: Straddle 22900: 6 bars
2026-06-03 04:10:35,448 [INFO] fyers_data: Straddle 23000: 6 bars
2026-06-03 04:10:35,878 [INFO] fyers_data: Straddle 23100: 6 bars
2026-06-03 04:10:36,349 [INFO] fyers_data: Straddle 23200: 6 bars
2026-06-03 04:10:36,789 [INFO] fyers_data: Straddle 23300: 6 bars
2026-06-03 04:10:37,241 [INFO] fyers_data: Straddle 23400: 6 bars
2026-06-03 04:10:37,691 [INFO] fyers_data: Straddle 23500: 6 bars
2026-06-03 04:10:38,181 [INFO] fyers_data: Straddle 23600: 6 bars
2026-06-03 04:10:38,624 [INFO] fyers_data: Straddle 23700: 6 bars
2026-06-03 04:10:38,624 [INFO] view_engine: View check | ATM below_vwap=False | upper_below=0 upper_above=4 | lower_above=0 lower_below=4 | score=-11.5 label=very_bearish
2026-06-03 04:10:38,624 [INFO] dashboard_gen: Dashboard written -> docs/index.html (16349 bytes)
2026-06-03 04:10:38,625 [INFO] strategy: Run complete.
2026-06-03 04:10:38,625 [INFO] main: ✓ main.py finished
