2026-06-16 04:01:14,699 [INFO] main: ▶ main.py started
2026-06-16 04:01:15,637 [INFO] strategy: ============================================================
2026-06-16 04:01:15,637 [INFO] strategy: Run at 2026-06-16 09:31:15 IST
2026-06-16 04:01:15,659 [INFO] strategy: New trading day: 2026-06-16
2026-06-16 04:01:16,007 [INFO] fyers_data: Fyers authenticated: SOURAVA KUMAR SETHY
2026-06-16 04:01:16,221 [INFO] fyers_data: Spot: 23941.9
2026-06-16 04:01:16,438 [INFO] fyers_data: 9:15 candle close: 23933.05
2026-06-16 04:01:16,438 [INFO] strategy: ATM fixed at 23900
2026-06-16 04:01:16,911 [INFO] fyers_data: Straddle 23500: 4 bars
2026-06-16 04:01:17,360 [INFO] fyers_data: Straddle 23600: 4 bars
2026-06-16 04:01:17,808 [INFO] fyers_data: Straddle 23700: 4 bars
2026-06-16 04:01:18,248 [INFO] fyers_data: Straddle 23800: 4 bars
2026-06-16 04:01:18,735 [INFO] fyers_data: Straddle 23900: 4 bars
2026-06-16 04:01:19,185 [INFO] fyers_data: Straddle 24000: 4 bars
2026-06-16 04:01:19,635 [INFO] fyers_data: Straddle 24100: 4 bars
2026-06-16 04:01:20,074 [INFO] fyers_data: Straddle 24200: 4 bars
2026-06-16 04:01:20,531 [INFO] fyers_data: Straddle 24300: 4 bars
2026-06-16 04:01:20,532 [INFO] view_engine: View check | ATM below_vwap=True | upper_below=4 upper_above=0 | lower_above=4 lower_below=0 | score=+11.5 label=very_bullish
2026-06-16 04:01:20,532 [INFO] view_engine: Label pending (1/2): current=None pending=very_bullish
2026-06-16 04:01:20,532 [INFO] dashboard_gen: Dashboard written -> docs/index.html (15011 bytes)
2026-06-16 04:01:20,533 [INFO] strategy: Run complete.
2026-06-16 04:01:20,533 [INFO] main: ✓ main.py finished
